Page.fill: Timeout 30000ms exceeded.
Call log:
  - waiting for locator("#username")

Second attempt failed: Page.fill: Timeout 30000ms exceeded.
Call log:
  - waiting for locator("#username")

